Traceback (most recent call last):
  File "D:\Tarun\personal_project\tarun-web-v2\backend\venv\Lib\site-packages\langchain_google_genai\chat_models.py", line 3047, in _generate
    response: GenerateContentResponse = self.client.models.generate_content(
                                        ^^^^^^^^^^^^^^^^^^^^^^^^^^^^^^^^^^^^
  File "D:\Tarun\personal_project\tarun-web-v2\backend\venv\Lib\site-packages\google\genai\models.py", line 5644, in generate_content
    response = self._generate_content(
               ^^^^^^^^^^^^^^^^^^^^^^^
  File "D:\Tarun\personal_project\tarun-web-v2\backend\venv\Lib\site-packages\google\genai\models.py", line 4306, in _generate_content
    response = self._api_client.request(
               ^^^^^^^^^^^^^^^^^^^^^^^^^
  File "D:\Tarun\personal_project\tarun-web-v2\backend\venv\Lib\site-packages\google\genai\_api_client.py", line 1401, in request
    response = self._request(http_request, http_options, stream=False)
               ^^^^^^^^^^^^^^^^^^^^^^^^^^^^^^^^^^^^^^^^^^^^^^^^^^^^^^^
  File "D:\Tarun\personal_project\tarun-web-v2\backend\venv\Lib\site-packages\google\genai\_api_client.py", line 1235, in _request
    return retry(self._request_once, http_request, stream)  # type: ignore[no-any-return]
           ^^^^^^^^^^^^^^^^^^^^^^^^^^^^^^^^^^^^^^^^^^^^^^^
  File "D:\Tarun\personal_project\tarun-web-v2\backend\venv\Lib\site-packages\tenacity\__init__.py", line 470, in __call__
    do = self.iter(retry_state=retry_state)
         ^^^^^^^^^^^^^^^^^^^^^^^^^^^^^^^^^^
  File "D:\Tarun\personal_project\tarun-web-v2\backend\venv\Lib\site-packages\tenacity\__init__.py", line 371, in iter
    result = action(retry_state)
             ^^^^^^^^^^^^^^^^^^^
  File "D:\Tarun\personal_project\tarun-web-v2\backend\venv\Lib\site-packages\tenacity\__init__.py", line 393, in <lambda>
    self._add_action_func(lambda rs: rs.outcome.result())
                                     ^^^^^^^^^^^^^^^^^^^
  File "C:\Program Files\WindowsApps\PythonSoftwareFoundation.Python.3.11_3.11.2544.0_x64__qbz5n2kfra8p0\Lib\concurrent\futures\_base.py", line 449, in result
    return self.__get_result()
           ^^^^^^^^^^^^^^^^^^^
  File "C:\Program Files\WindowsApps\PythonSoftwareFoundation.Python.3.11_3.11.2544.0_x64__qbz5n2kfra8p0\Lib\concurrent\futures\_base.py", line 401, in __get_result
    raise self._exception
  File "D:\Tarun\personal_project\tarun-web-v2\backend\venv\Lib\site-packages\tenacity\__init__.py", line 473, in __call__
    result = fn(*args, **kwargs)
             ^^^^^^^^^^^^^^^^^^^
  File "D:\Tarun\personal_project\tarun-web-v2\backend\venv\Lib\site-packages\google\genai\_api_client.py", line 1214, in _request_once
    errors.APIError.raise_for_response(response)
  File "D:\Tarun\personal_project\tarun-web-v2\backend\venv\Lib\site-packages\google\genai\errors.py", line 134, in raise_for_response
    cls.raise_error(response.status_code, response_json, response)
  File "D:\Tarun\personal_project\tarun-web-v2\backend\venv\Lib\site-packages\google\genai\errors.py", line 159, in raise_error
    raise ClientError(status_code, response_json, response)
google.genai.errors.ClientError: 404 NOT_FOUND. {'error': {'code': 404, 'message': 'models/gemini-1.5-flash is not found for API version v1beta, or is not supported for generateContent. Call ListModels to see the list of available models and their supported methods.', 'status': 'NOT_FOUND'}}

The above exception was the direct cause of the following exception:

Traceback (most recent call last):
  File "D:\Tarun\personal_project\tarun-web-v2\backend\test_graph.py", line 8, in test
    result = graph_app.invoke(
             ^^^^^^^^^^^^^^^^^
  File "D:\Tarun\personal_project\tarun-web-v2\backend\venv\Lib\site-packages\langgraph\pregel\main.py", line 3094, in invoke
    for chunk in self.stream(
  File "D:\Tarun\personal_project\tarun-web-v2\backend\venv\Lib\site-packages\langgraph\pregel\main.py", line 2669, in stream
    for _ in runner.tick(
  File "D:\Tarun\personal_project\tarun-web-v2\backend\venv\Lib\site-packages\langgraph\pregel\_runner.py", line 167, in tick
    run_with_retry(
  File "D:\Tarun\personal_project\tarun-web-v2\backend\venv\Lib\site-packages\langgraph\pregel\_retry.py", line 71, in run_with_retry
    return task.proc.invoke(task.input, config)
           ^^^^^^^^^^^^^^^^^^^^^^^^^^^^^^^^^^^^
  File "D:\Tarun\personal_project\tarun-web-v2\backend\venv\Lib\site-packages\langgraph\_internal\_runnable.py", line 656, in invoke
    input = context.run(step.invoke, input, config, **kwargs)
            ^^^^^^^^^^^^^^^^^^^^^^^^^^^^^^^^^^^^^^^^^^^^^^^^^
  File "D:\Tarun\personal_project\tarun-web-v2\backend\venv\Lib\site-packages\langgraph\_internal\_runnable.py", line 400, in invoke
    ret = self.func(*args, **kwargs)
          ^^^^^^^^^^^^^^^^^^^^^^^^^^
  File "D:\Tarun\personal_project\tarun-web-v2\backend\agents\graph.py", line 28, in router_node
    response = llm.invoke([HumanMessage(content=prompt)])
               ^^^^^^^^^^^^^^^^^^^^^^^^^^^^^^^^^^^^^^^^^^
FAILED!
  File "D:\Tarun\personal_project\tarun-web-v2\backend\venv\Lib\site-packages\langchain_google_genai\chat_models.py", line 2535, in invoke
    return super().invoke(input, config, stop=stop, **kwargs)
           ^^^^^^^^^^^^^^^^^^^^^^^^^^^^^^^^^^^^^^^^^^^^^^^^^^
  File "D:\Tarun\personal_project\tarun-web-v2\backend\venv\Lib\site-packages\langchain_core\language_models\chat_models.py", line 402, in invoke
    self.generate_prompt(
  File "D:\Tarun\personal_project\tarun-web-v2\backend\venv\Lib\site-packages\langchain_core\language_models\chat_models.py", line 1123, in generate_prompt
    return self.generate(prompt_messages, stop=stop, callbacks=callbacks, **kwargs)
           ^^^^^^^^^^^^^^^^^^^^^^^^^^^^^^^^^^^^^^^^^^^^^^^^^^^^^^^^^^^^^^^^^^^^^^^^
  File "D:\Tarun\personal_project\tarun-web-v2\backend\venv\Lib\site-packages\langchain_core\language_models\chat_models.py", line 933, in generate
    self._generate_with_cache(
  File "D:\Tarun\personal_project\tarun-web-v2\backend\venv\Lib\site-packages\langchain_core\language_models\chat_models.py", line 1235, in _generate_with_cache
    result = self._generate(
             ^^^^^^^^^^^^^^^
  File "D:\Tarun\personal_project\tarun-web-v2\backend\venv\Lib\site-packages\langchain_google_genai\chat_models.py", line 3051, in _generate
    _handle_client_error(e, request)
  File "D:\Tarun\personal_project\tarun-web-v2\backend\venv\Lib\site-packages\langchain_google_genai\chat_models.py", line 145, in _handle_client_error
    raise ChatGoogleGenerativeAIError(msg) from e
langchain_google_genai.chat_models.ChatGoogleGenerativeAIError: Error calling model 'gemini-1.5-flash' (NOT_FOUND): 404 NOT_FOUND. {'error': {'code': 404, 'message': 'models/gemini-1.5-flash is not found for API version v1beta, or is not supported for generateContent. Call ListModels to see the list of available models and their supported methods.', 'status': 'NOT_FOUND'}}
During task with name 'router' and id '3ec4f245-e3f2-3ff2-0598-bf4821896963'
